Microchip MPLAB XC8 Compiler V2.10 ()

Linker command line:

-W-3 --edf=C:\Program Files (x86)\Microchip\xc8\v2.10\pic\dat\en_msgs.txt \
  -cs -h+dist/default/production\LCDMAIGA.X.production.sym \
  --cmf=dist/default/production\LCDMAIGA.X.production.cmf -z -Q16F887 \
  -oC:\Users\egman\AppData\Local\Temp\scdg.2 --defsym=__MPLAB_BUILD=1 \
  -Mdist/default/production/LCDMAIGA.X.production.map -E1 -ver=XC8 \
  --acfsm=1493 -ASTACK=0110h-016Fh -pstack=STACK -ACODE=00h-07FFhx4 \
  -ASTRCODE=00h-01FFFh -ASTRING=00h-0FFhx32 -ACONST=00h-0FFhx32 \
  -AENTRY=00h-0FFhx32 -ACOMMON=070h-07Fh -ABANK0=020h-06Fh \
  -ABANK1=0A0h-0EFh -ABANK2=0110h-016Fh -ABANK3=0190h-01EFh \
  -ARAM=020h-06Fh,0A0h-0EFh,0110h-016Fh,0190h-01EFh \
  -AABS1=020h-07Fh,0A0h-0EFh,0110h-016Fh,0190h-01EFh -ASFR0=00h-01Fh \
  -ASFR1=080h-09Fh -ASFR2=0100h-010Fh -ASFR3=0180h-018Fh \
  -preset_vec=00h,intentry,init,end_init -ppowerup=CODE -pcinit=CODE \
  -pfunctab=ENTRY -ACONFIG=02007h-02008h -pconfig=CONFIG -DCONFIG=2 \
  -AIDLOC=02000h-02003h -pidloc=IDLOC -DIDLOC=2 -AEEDATA=00h-0FFh/02100h \
  -peeprom_data=EEDATA -DEEDATA=2 -DCODE=2 -DSTRCODE=2 -DSTRING=2 -DCONST=2 \
  -DENTRY=2 -k C:\Users\egman\AppData\Local\Temp\scdg.o \
  dist/default/production\LCDMAIGA.X.production.o 

Object code version is 3.11

Machine type is 16F887



                Name                               Link     Load   Length Selector   Space Scale
C:\Users\egman\AppData\Local\Temp\scdg.o
                end_init                              0        0        3        0       0
                config                             2007     2007        2     400E       0
dist/default/production\LCDMAIGA.X.production.o
                cinit                               7F6      7F6        A      FEC       0
                text8                               6DB      6DB       18      DB6       0
                text7                               6F3      6F3       19      DE6       0
                text6                               782      782       2D      F04       0
                text5                               6B1      6B1       15      D62       0
                text4                               756      756       2C      EAC       0
                text3                               6C6      6C6       15      D8C       0
                text2                               70C      70C       1F      E18       0
                text1                               72B      72B       2B      E56       0
                maintext                            7AF      7AF       47      F5E       0
                cstackBANK0                          24       24        2       20       1
                cstackCOMMON                         70       70        E       70       1
                bssBANK0                             20       20        4       20       1
                strings                               3        3       13        6       0

TOTAL           Name                               Link     Load   Length     Space
        CLASS   STACK          

        CLASS   CODE           
                end_init                              0        0        3         0
                cinit                               7F6      7F6        A         0
                text8                               6DB      6DB       18         0
                text7                               6F3      6F3       19         0
                text6                               782      782       2D         0
                text5                               6B1      6B1       15         0
                text4                               756      756       2C         0
                text3                               6C6      6C6       15         0
                text2                               70C      70C       1F         0
                text1                               72B      72B       2B         0
                maintext                            7AF      7AF       47         0

        CLASS   STRCODE        

        CLASS   STRING         
                strings                               3        3       13         0

        CLASS   CONST          

        CLASS   ENTRY          

        CLASS   COMMON         
                cstackCOMMON                         70       70        E         1

        CLASS   BANK0          
                cstackBANK0                          24       24        2         1
                bssBANK0                             20       20        4         1

        CLASS   BANK1          

        CLASS   BANK2          

        CLASS   BANK3          

        CLASS   RAM            

        CLASS   ABS1           
                abs_s1                               7E       7E        2         1

        CLASS   SFR0           

        CLASS   SFR1           

        CLASS   SFR2           

        CLASS   SFR3           

        CLASS   CONFIG         
                config                             2007     2007        2         0

        CLASS   IDLOC          

        CLASS   EEDATA         



SEGMENTS        Name                           Load    Length   Top    Selector   Space  Class     Delta

                reset_vec                      000000  000003  000003         0       0  CODE        2
                strings                        000003  000013  000016         6       0  STRING      2
                bssBANK0                       000020  000006  000026        20       1  BANK0       1
                cstackCOMMON                   000070  00000E  00007E        70       1  COMMON      1
                text5                          0006B1  000015  0006C6       D62       0  CODE        2
                text3                          0006C6  000015  0006DB       D8C       0  CODE        2
                text8                          0006DB  000018  0006F3       DB6       0  CODE        2
                text7                          0006F3  000019  00070C       DE6       0  CODE        2
                text2                          00070C  00001F  00072B       E18       0  CODE        2
                text1                          00072B  00002B  000756       E56       0  CODE        2
                text4                          000756  00002C  000782       EAC       0  CODE        2
                text6                          000782  00002D  0007AF       F04       0  CODE        2
                maintext                       0007AF  000047  0007F6       F5E       0  CODE        2
                cinit                          0007F6  00000A  000800       FEC       0  CODE        2
                config                         002007  000002  002009      400E       0  CONFIG      2


UNUSED ADDRESS RANGES

        Name                Unused          Largest block    Delta
        BANK0            0026-006F             4A           1
        BANK1            00A0-00EF             50           1
        BANK2            0110-016F             60           1
        BANK3            0190-01EF             60           1
        CODE             0016-06B0            69B           2
                         0800-1FFF            800
        CONST            0016-06B0            100           2
                         0800-1FFF            100
        EEDATA           2100-21FF            100           2
        ENTRY            0016-06B0            100           2
                         0800-1FFF            100
        IDLOC            2000-2003              4           2
        RAM              0026-006F             4A           1
                         00A0-00EF             50
                         0110-016F             60
                         0190-01EF             60
        SFR0             0000-001F             20           1
        SFR1             0080-009F             20           1
        SFR2             0100-010F             10           1
        SFR3             0180-018F             10           1
        STACK            0110-016F             60           1
        STRCODE          0016-06B0            69B           2
                         0800-1FFF           1800
        STRING           0016-06B0            100           2
                         0800-1FFF            100

                                  Symbol Table

Control@valor            cstackCOMMON 0077
ON@valor1                cstackCOMMON 0075
_Control                 text5        06B1
_LCDvalue                text4        0756
_ON                      text3        06C6
_PORTB                   (abs)        0006
_PORTDbits               (abs)        0008
_TRISB                   (abs)        0086
_TRISDbits               (abs)        0088
_Tiempocontrol           text7        06F3
__CFG_BOR4V$BOR40V       (abs)        0000
__CFG_BOREN$ON           (abs)        0000
__CFG_CP$OFF             (abs)        0000
__CFG_CPD$OFF            (abs)        0000
__CFG_FCMEN$OFF          (abs)        0000
__CFG_FOSC$INTRC_CLKOUT  (abs)        0000
__CFG_IESO$OFF           (abs)        0000
__CFG_LVP$OFF            (abs)        0000
__CFG_MCLRE$ON           (abs)        0000
__CFG_PWRTE$OFF          (abs)        0000
__CFG_WDTE$OFF           (abs)        0000
__CFG_WRT$OFF            (abs)        0000
__Habs1                  abs1         0000
__Hbank0                 bank0        0000
__Hbank1                 bank1        0000
__Hbank2                 bank2        0000
__Hbank3                 bank3        0000
__HbssBANK0              bssBANK0     0000
__Hcinit                 cinit        0800
__Hclrtext               clrtext      0000
__Hcode                  code         0000
__Hcommon                common       0000
__Hconfig                config       2009
__HcstackBANK0           cstackBANK0  0000
__HcstackCOMMON          cstackCOMMON 0000
__Heeprom_data           eeprom_data  0000
__Hend_init              end_init     0003
__Hfunctab               functab      0000
__Hidloc                 idloc        0000
__Hinit                  init         0000
__Hintentry              intentry     0000
__Hmaintext              maintext     0000
__Hpowerup               powerup      0000
__Hram                   ram          0000
__Hreset_vec             reset_vec    0000
__Hsfr0                  sfr0         0000
__Hsfr1                  sfr1         0000
__Hsfr2                  sfr2         0000
__Hsfr3                  sfr3         0000
__Hspace_0               (abs)        2009
__Hspace_1               (abs)        007E
__Hspace_2               (abs)        0000
__Hspace_3               (abs)        0000
__Hstack                 stack        0000
__Hstrings               strings      0000
__Htext                  text         0000
__Labs1                  abs1         0000
__Lbank0                 bank0        0000
__Lbank1                 bank1        0000
__Lbank2                 bank2        0000
__Lbank3                 bank3        0000
__LbssBANK0              bssBANK0     0000
__Lcinit                 cinit        07F6
__Lclrtext               clrtext      0000
__Lcode                  code         0000
__Lcommon                common       0000
__Lconfig                config       2007
__LcstackBANK0           cstackBANK0  0000
__LcstackCOMMON          cstackCOMMON 0000
__Leeprom_data           eeprom_data  0000
__Lend_init              end_init     0000
__Lfunctab               functab      0000
__Lidloc                 idloc        0000
__Linit                  init         0000
__Lintentry              intentry     0000
__Lmaintext              maintext     0000
__Lpowerup               powerup      0000
__Lram                   ram          0000
__Lreset_vec             reset_vec    0000
__Lsfr0                  sfr0         0000
__Lsfr1                  sfr1         0000
__Lsfr2                  sfr2         0000
__Lsfr3                  sfr3         0000
__Lspace_0               (abs)        0000
__Lspace_1               (abs)        0000
__Lspace_2               (abs)        0000
__Lspace_3               (abs)        0000
__Lstack                 stack        0000
__Lstrings               strings      0000
__Ltext                  text         0000
__S0                     (abs)        2009
__S1                     (abs)        007E
__S2                     (abs)        0000
__S3                     (abs)        0000
___int_sp                stack        0000
___latbits               (abs)        0002
___sp                    stack        0000
___stackhi               (abs)        0000
___stacklo               (abs)        0000
__end_of_Control         text5        06C6
__end_of_LCDvalue        text4        0782
__end_of_ON              text3        06DB
__end_of_Tiempocontrol   text7        070C
__end_of__initialization cinit        07FC
__end_of__stringtab      strings      0009
__end_of_delay_ms        text6        07AF
__end_of_delay_us        text8        06F3
__end_of_impresion       text2        072B
__end_of_lcddirection    text1        0756
__end_of_main            maintext     07F6
__initialization         cinit        07F6
__pbssBANK0              bssBANK0     0020
__pcstackBANK0           cstackBANK0  0024
__pcstackCOMMON          cstackCOMMON 0070
__pmaintext              maintext     07AF
__pstrings               strings      0003
__ptext1                 text1        072B
__ptext2                 text2        070C
__ptext3                 text3        06C6
__ptext4                 text4        0756
__ptext5                 text5        06B1
__ptext6                 text6        0782
__ptext7                 text7        06F3
__ptext8                 text8        06DB
__size_of_Control        (abs)        0000
__size_of_LCDvalue       (abs)        0000
__size_of_ON             (abs)        0000
__size_of_Tiempocontrol  (abs)        0000
__size_of_delay_ms       (abs)        0000
__size_of_delay_us       (abs)        0000
__size_of_impresion      (abs)        0000
__size_of_lcddirection   (abs)        0000
__size_of_main           (abs)        0000
__stringbase             strings      0008
__stringtab              strings      0003
_delay_ms                text6        0782
_delay_us                text8        06DB
_impresion               text2        070C
_lcddirection            text1        072B
_main                    maintext     07AF
btemp                    (abs)        007E
delay_ms@dms             cstackCOMMON 0070
delay_ms@i               cstackCOMMON 0073
delay_ms@j               cstackCOMMON 0075
delay_us@dus             cstackCOMMON 0070
delay_us@i               cstackCOMMON 0073
end_of_initialization    cinit        07FC
impresion@valor          cstackCOMMON 0077
intlevel0                functab      0000
intlevel1                functab      0000
intlevel2                functab      0000
intlevel3                functab      0000
intlevel4                functab      0000
intlevel5                functab      0000
lcddirection@posicion    cstackBANK0  0024
lcddirection@valor       cstackCOMMON 007C
lcddirection@x           cstackCOMMON 0078
lcddirection@y           cstackCOMMON 007A
reset_vec                reset_vec    0000
start                    init         0000
start_initialization     cinit        07F6
wtemp0                   (abs)        007E


FUNCTION INFORMATION:

 *************** function _main *****************
 Defined at:
		line 51 in file "LCD.c"
 Parameters:    Size  Location     Type
		None
 Auto vars:     Size  Location     Type
		None
 Return value:  Size  Location     Type
                  1    wreg      void 
 Registers used:
		wreg, fsr0l, fsr0h, status,2, status,0, btemp+1, pclath, cstack
 Tracked objects:
		On entry : 
		On exit  : 
		Unchanged: 
 Data sizes:     COMMON   BANK0   BANK1   BANK3   BANK2
      Params:         0       0       0       0       0
      Locals:         0       0       0       0       0
      Temps:          0       1       0       0       0
      Totals:         0       1       0       0       0
Total ram usage:        1 bytes
 Hardware stack levels required when called:    5
 This function calls:
		_LCDvalue
		_delay_ms
		_impresion
		_lcddirection
 This function is called by:
		Startup code after reset
 This function uses a non-reentrant model


 *************** function _lcddirection *****************
 Defined at:
		line 66 in file "LibreriaLCD.c"
 Parameters:    Size  Location     Type
  x               2    8[COMMON] int 
  y               2   10[COMMON] int 
  valor           1   12[COMMON] PTR unsigned char 
		 -> STR_3(3), STR_2(5), 
 Auto vars:     Size  Location     Type
  posicion        1    0[BANK0 ] unsigned char 
 Return value:  Size  Location     Type
                  1    wreg      void 
 Registers used:
		wreg, fsr0l, fsr0h, status,2, status,0, btemp+1, pclath, cstack
 Tracked objects:
		On entry : 
		On exit  : 
		Unchanged: 
 Data sizes:     COMMON   BANK0   BANK1   BANK3   BANK2
      Params:         5       0       0       0       0
      Locals:         0       1       0       0       0
      Temps:          1       0       0       0       0
      Totals:         6       1       0       0       0
Total ram usage:        7 bytes
 Hardware stack levels used:    1
 Hardware stack levels required when called:    4
 This function calls:
		_Control
		_impresion
 This function is called by:
		_main
 This function uses a non-reentrant model


 *************** function _impresion *****************
 Defined at:
		line 59 in file "LibreriaLCD.c"
 Parameters:    Size  Location     Type
  valor           1    wreg     PTR unsigned char 
		 -> STR_3(3), STR_2(5), STR_1(5), 
 Auto vars:     Size  Location     Type
  valor           1    7[COMMON] PTR unsigned char 
		 -> STR_3(3), STR_2(5), STR_1(5), 
 Return value:  Size  Location     Type
                  1    wreg      void 
 Registers used:
		wreg, fsr0l, fsr0h, status,2, status,0, pclath, cstack
 Tracked objects:
		On entry : 
		On exit  : 
		Unchanged: 
 Data sizes:     COMMON   BANK0   BANK1   BANK3   BANK2
      Params:         0       0       0       0       0
      Locals:         1       0       0       0       0
      Temps:          1       0       0       0       0
      Totals:         2       0       0       0       0
Total ram usage:        2 bytes
 Hardware stack levels used:    1
 Hardware stack levels required when called:    3
 This function calls:
		_ON
 This function is called by:
		_main
		_lcddirection
 This function uses a non-reentrant model


 *************** function _ON *****************
 Defined at:
		line 37 in file "LibreriaLCD.c"
 Parameters:    Size  Location     Type
  valor1          1    wreg     unsigned char 
 Auto vars:     Size  Location     Type
  valor1          1    5[COMMON] unsigned char 
 Return value:  Size  Location     Type
                  1    wreg      void 
 Registers used:
		wreg, status,2, status,0, pclath, cstack
 Tracked objects:
		On entry : 
		On exit  : 
		Unchanged: 
 Data sizes:     COMMON   BANK0   BANK1   BANK3   BANK2
      Params:         0       0       0       0       0
      Locals:         1       0       0       0       0
      Temps:          0       0       0       0       0
      Totals:         1       0       0       0       0
Total ram usage:        1 bytes
 Hardware stack levels used:    1
 Hardware stack levels required when called:    2
 This function calls:
		_Tiempocontrol
		_delay_us
 This function is called by:
		_impresion
 This function uses a non-reentrant model


 *************** function _LCDvalue *****************
 Defined at:
		line 44 in file "LibreriaLCD.c"
 Parameters:    Size  Location     Type
		None
 Auto vars:     Size  Location     Type
		None
 Return value:  Size  Location     Type
                  1    wreg      void 
 Registers used:
		wreg, status,2, status,0, btemp+1, pclath, cstack
 Tracked objects:
		On entry : 
		On exit  : 
		Unchanged: 
 Data sizes:     COMMON   BANK0   BANK1   BANK3   BANK2
      Params:         0       0       0       0       0
      Locals:         0       0       0       0       0
      Temps:          0       0       0       0       0
      Totals:         0       0       0       0       0
Total ram usage:        0 bytes
 Hardware stack levels used:    1
 Hardware stack levels required when called:    3
 This function calls:
		_Control
		_delay_ms
 This function is called by:
		_main
 This function uses a non-reentrant model


 *************** function _Control *****************
 Defined at:
		line 30 in file "LibreriaLCD.c"
 Parameters:    Size  Location     Type
  valor           1    wreg     unsigned char 
 Auto vars:     Size  Location     Type
  valor           1    7[COMMON] unsigned char 
 Return value:  Size  Location     Type
                  1    wreg      void 
 Registers used:
		wreg, status,2, status,0, btemp+1, pclath, cstack
 Tracked objects:
		On entry : 
		On exit  : 
		Unchanged: 
 Data sizes:     COMMON   BANK0   BANK1   BANK3   BANK2
      Params:         0       0       0       0       0
      Locals:         1       0       0       0       0
      Temps:          0       0       0       0       0
      Totals:         1       0       0       0       0
Total ram usage:        1 bytes
 Hardware stack levels used:    1
 Hardware stack levels required when called:    2
 This function calls:
		_Tiempocontrol
		_delay_ms
 This function is called by:
		_LCDvalue
		_lcddirection
		_clean
 This function uses a non-reentrant model


 *************** function _delay_ms *****************
 Defined at:
		line 12 in file "LibreriaLCD.c"
 Parameters:    Size  Location     Type
  dms             2    0[COMMON] int 
 Auto vars:     Size  Location     Type
  j               2    5[COMMON] int 
  i               2    3[COMMON] int 
 Return value:  Size  Location     Type
                  1    wreg      void 
 Registers used:
		wreg, status,2, btemp+1
 Tracked objects:
		On entry : 
		On exit  : 
		Unchanged: 
 Data sizes:     COMMON   BANK0   BANK1   BANK3   BANK2
      Params:         2       0       0       0       0
      Locals:         4       0       0       0       0
      Temps:          1       0       0       0       0
      Totals:         7       0       0       0       0
Total ram usage:        7 bytes
 Hardware stack levels used:    1
 This function calls:
		Nothing
 This function is called by:
		_main
		_Control
		_LCDvalue
 This function uses a non-reentrant model


 *************** function _Tiempocontrol *****************
 Defined at:
		line 23 in file "LibreriaLCD.c"
 Parameters:    Size  Location     Type
		None
 Auto vars:     Size  Location     Type
		None
 Return value:  Size  Location     Type
                  1    wreg      void 
 Registers used:
		wreg, status,2, status,0, pclath, cstack
 Tracked objects:
		On entry : 
		On exit  : 
		Unchanged: 
 Data sizes:     COMMON   BANK0   BANK1   BANK3   BANK2
      Params:         0       0       0       0       0
      Locals:         0       0       0       0       0
      Temps:          0       0       0       0       0
      Totals:         0       0       0       0       0
Total ram usage:        0 bytes
 Hardware stack levels used:    1
 Hardware stack levels required when called:    1
 This function calls:
		_delay_us
 This function is called by:
		_Control
		_ON
 This function uses a non-reentrant model


 *************** function _delay_us *****************
 Defined at:
		line 18 in file "LibreriaLCD.c"
 Parameters:    Size  Location     Type
  dus             2    0[COMMON] int 
 Auto vars:     Size  Location     Type
  i               2    3[COMMON] int 
 Return value:  Size  Location     Type
                  1    wreg      void 
 Registers used:
		wreg, status,2
 Tracked objects:
		On entry : 
		On exit  : 
		Unchanged: 
 Data sizes:     COMMON   BANK0   BANK1   BANK3   BANK2
      Params:         2       0       0       0       0
      Locals:         2       0       0       0       0
      Temps:          1       0       0       0       0
      Totals:         5       0       0       0       0
Total ram usage:        5 bytes
 Hardware stack levels used:    1
 This function calls:
		Nothing
 This function is called by:
		_Tiempocontrol
		_ON
 This function uses a non-reentrant model



MODULE INFORMATION

Module		Function		Class		Link	Load	Size
shared
		__stringtab    		STRING         	0003	0000	7
		__initialization		CODE           	07F6	0000	7

shared estimated size: 14

LibreriaLCD.c
		_lcddirection  		CODE           	072B	0000	44
		_delay_us      		CODE           	06DB	0000	25
		_impresion     		CODE           	070C	0000	32
		_ON            		CODE           	06C6	0000	22
		_Tiempocontrol 		CODE           	06F3	0000	26
		_LCDvalue      		CODE           	0756	0000	45
		_delay_ms      		CODE           	0782	0000	46
		_Control       		CODE           	06B1	0000	22

LibreriaLCD.c estimated size: 262

LCD.c
		_main          		CODE           	07AF	0000	72

LCD.c estimated size: 72

